// Jest Snapshot v1, https://goo.gl/fbAQLP

exports[`should render DebuggerApp correctly 1`] = `
<div>
  <div>
    <div>
      <_class>
        Search
      </_class>
      <Tooltip
        appearance="default"
        content="By default, the search pulls results only from the Event Property Values. To include Property Keys in search results, select Full Event Payload."
        hideDelay={120}
        position="bottom"
      >
        <_class
          icon="user"
        />
      </Tooltip>
    </div>
    <div>
      <_class
        display="flex"
      >
        <_class
          label="Event Property Values"
          marginY="0"
          name="undefined-search"
          size={16}
          value="false"
        />
        <_class
          label="Full Event Payload"
          marginLeft="10"
          marginY="0"
          name="undefined-search"
          size={16}
          value="true"
        />
      </_class>
    </div>
  </div>
</div>
`;
