// Jest Snapshot v1, https://goo.gl/fbAQLP

exports[`<CodeBox/> should render CodeBox as expected 1`] = `
ShallowWrapper {
  Symbol(enzyme.__root__): [Circular],
  Symbol(enzyme.__unrendered__): <CodeBox
    event={
      Object {
        "anonymousId": "e1dbd770-1a96-48da-8bb9-2a294a11a571",
        "context": Object {
          "ip": "149.109.19.117",
          "library": Object {
            "name": "analytics.js",
            "version": "3.0.0",
          },
        },
        "event": "Notification Shown",
        "integrations": Object {},
        "messageId": "ajs-ac65f2dc-a7ba-496c-be3a-74a0de177c7f",
        "receivedAt": "2018-09-18T20:01:40.790Z",
        "sentAt": 1537300895790,
        "type": "track",
        "userId": "6a8e7fe9-09e8-480b-bf12-27c052035ebf",
      }
    }
    showPretty={false}
  />,
  Symbol(enzyme.__renderer__): Object {
    "batchedUpdates": [Function],
    "getNode": [Function],
    "render": [Function],
    "simulateError": [Function],
    "simulateEvent": [Function],
    "unmount": [Function],
  },
  Symbol(enzyme.__node__): Object {
    "instance": null,
    "key": undefined,
    "nodeType": "host",
    "props": Object {
      "children": <_class
        display="flex"
        flex="1"
        height="100%"
        minHeight="min-content"
      >
        <div
          className="lineNumbers"
        >
          <_class
            alignItems="center"
            display="flex"
          >
            <_class
              marginLeft="auto"
            >
              1
            </_class>
          </_class>
          <_class
            alignItems="center"
            display="flex"
          >
            <_class
              marginLeft="auto"
            >
              2
            </_class>
          </_class>
          <_class
            alignItems="center"
            display="flex"
          >
            <_class
              marginLeft="auto"
            >
              3
            </_class>
          </_class>
          <_class
            alignItems="center"
            display="flex"
          >
            <_class
              marginLeft="auto"
            >
              4
            </_class>
          </_class>
          <_class
            alignItems="center"
            display="flex"
          >
            <_class
              marginLeft="auto"
            >
              5
            </_class>
          </_class>
          <_class
            alignItems="center"
            display="flex"
          >
            <_class
              marginLeft="auto"
            >
              6
            </_class>
          </_class>
          <_class
            alignItems="center"
            display="flex"
          >
            <_class
              marginLeft="auto"
            >
              7
            </_class>
          </_class>
          <_class
            alignItems="center"
            display="flex"
          >
            <_class
              marginLeft="auto"
            >
              8
            </_class>
          </_class>
          <_class
            alignItems="center"
            display="flex"
          >
            <_class
              marginLeft="auto"
            >
              9
            </_class>
          </_class>
          <_class
            alignItems="center"
            display="flex"
          >
            <_class
              marginLeft="auto"
            >
              10
            </_class>
          </_class>
          <_class
            alignItems="center"
            display="flex"
          >
            <_class
              marginLeft="auto"
            >
              11
            </_class>
          </_class>
          <_class
            alignItems="center"
            display="flex"
          >
            <_class
              marginLeft="auto"
            >
              12
            </_class>
          </_class>
          <_class
            alignItems="center"
            display="flex"
          >
            <_class
              marginLeft="auto"
            >
              13
            </_class>
          </_class>
          <_class
            alignItems="center"
            display="flex"
          >
            <_class
              marginLeft="auto"
            >
              14
            </_class>
          </_class>
          <_class
            alignItems="center"
            display="flex"
          >
            <_class
              marginLeft="auto"
            >
              15
            </_class>
          </_class>
          <_class
            alignItems="center"
            display="flex"
          >
            <_class
              marginLeft="auto"
            >
              16
            </_class>
          </_class>
          <_class
            alignItems="center"
            display="flex"
          >
            <_class
              marginLeft="auto"
            >
              17
            </_class>
          </_class>
        </div>
        <pre
          className="codeStyling"
        >
          <code>
            {
  "type": "track",
  "messageId": "ajs-ac65f2dc-a7ba-496c-be3a-74a0de177c7f",
  "context": {
    "ip": "149.109.19.117",
    "library": {
      "name": "analytics.js",
      "version": "3.0.0"
    }
  },
  "integrations": {},
  "receivedAt": "2018-09-18T20:01:40.790Z",
  "sentAt": 1537300895790,
  "userId": "6a8e7fe9-09e8-480b-bf12-27c052035ebf",
  "anonymousId": "e1dbd770-1a96-48da-8bb9-2a294a11a571",
  "event": "Notification Shown"
}
          </code>
        </pre>
      </_class>,
      "className": "codeBox",
    },
    "ref": null,
    "rendered": Object {
      "instance": null,
      "key": undefined,
      "nodeType": "class",
      "props": Object {
        "children": Array [
          <div
            className="lineNumbers"
          >
            <_class
              alignItems="center"
              display="flex"
            >
              <_class
                marginLeft="auto"
              >
                1
              </_class>
            </_class>
            <_class
              alignItems="center"
              display="flex"
            >
              <_class
                marginLeft="auto"
              >
                2
              </_class>
            </_class>
            <_class
              alignItems="center"
              display="flex"
            >
              <_class
                marginLeft="auto"
              >
                3
              </_class>
            </_class>
            <_class
              alignItems="center"
              display="flex"
            >
              <_class
                marginLeft="auto"
              >
                4
              </_class>
            </_class>
            <_class
              alignItems="center"
              display="flex"
            >
              <_class
                marginLeft="auto"
              >
                5
              </_class>
            </_class>
            <_class
              alignItems="center"
              display="flex"
            >
              <_class
                marginLeft="auto"
              >
                6
              </_class>
            </_class>
            <_class
              alignItems="center"
              display="flex"
            >
              <_class
                marginLeft="auto"
              >
                7
              </_class>
            </_class>
            <_class
              alignItems="center"
              display="flex"
            >
              <_class
                marginLeft="auto"
              >
                8
              </_class>
            </_class>
            <_class
              alignItems="center"
              display="flex"
            >
              <_class
                marginLeft="auto"
              >
                9
              </_class>
            </_class>
            <_class
              alignItems="center"
              display="flex"
            >
              <_class
                marginLeft="auto"
              >
                10
              </_class>
            </_class>
            <_class
              alignItems="center"
              display="flex"
            >
              <_class
                marginLeft="auto"
              >
                11
              </_class>
            </_class>
            <_class
              alignItems="center"
              display="flex"
            >
              <_class
                marginLeft="auto"
              >
                12
              </_class>
            </_class>
            <_class
              alignItems="center"
              display="flex"
            >
              <_class
                marginLeft="auto"
              >
                13
              </_class>
            </_class>
            <_class
              alignItems="center"
              display="flex"
            >
              <_class
                marginLeft="auto"
              >
                14
              </_class>
            </_class>
            <_class
              alignItems="center"
              display="flex"
            >
              <_class
                marginLeft="auto"
              >
                15
              </_class>
            </_class>
            <_class
              alignItems="center"
              display="flex"
            >
              <_class
                marginLeft="auto"
              >
                16
              </_class>
            </_class>
            <_class
              alignItems="center"
              display="flex"
            >
              <_class
                marginLeft="auto"
              >
                17
              </_class>
            </_class>
          </div>,
          <pre
            className="codeStyling"
          >
            <code>
              {
  "type": "track",
  "messageId": "ajs-ac65f2dc-a7ba-496c-be3a-74a0de177c7f",
  "context": {
    "ip": "149.109.19.117",
    "library": {
      "name": "analytics.js",
      "version": "3.0.0"
    }
  },
  "integrations": {},
  "receivedAt": "2018-09-18T20:01:40.790Z",
  "sentAt": 1537300895790,
  "userId": "6a8e7fe9-09e8-480b-bf12-27c052035ebf",
  "anonymousId": "e1dbd770-1a96-48da-8bb9-2a294a11a571",
  "event": "Notification Shown"
}
            </code>
          </pre>,
        ],
        "display": "flex",
        "flex": "1",
        "height": "100%",
        "minHeight": "min-content",
      },
      "ref": null,
      "rendered": Array [
        Object {
          "instance": null,
          "key": undefined,
          "nodeType": "host",
          "props": Object {
            "children": Array [
              Array [
                <_class
                  alignItems="center"
                  display="flex"
                >
                  <_class
                    marginLeft="auto"
                  >
                    1
                  </_class>
                </_class>,
                <_class
                  alignItems="center"
                  display="flex"
                >
                  <_class
                    marginLeft="auto"
                  >
                    2
                  </_class>
                </_class>,
                <_class
                  alignItems="center"
                  display="flex"
                >
                  <_class
                    marginLeft="auto"
                  >
                    3
                  </_class>
                </_class>,
                <_class
                  alignItems="center"
                  display="flex"
                >
                  <_class
                    marginLeft="auto"
                  >
                    4
                  </_class>
                </_class>,
                <_class
                  alignItems="center"
                  display="flex"
                >
                  <_class
                    marginLeft="auto"
                  >
                    5
                  </_class>
                </_class>,
                <_class
                  alignItems="center"
                  display="flex"
                >
                  <_class
                    marginLeft="auto"
                  >
                    6
                  </_class>
                </_class>,
                <_class
                  alignItems="center"
                  display="flex"
                >
                  <_class
                    marginLeft="auto"
                  >
                    7
                  </_class>
                </_class>,
                <_class
                  alignItems="center"
                  display="flex"
                >
                  <_class
                    marginLeft="auto"
                  >
                    8
                  </_class>
                </_class>,
                <_class
                  alignItems="center"
                  display="flex"
                >
                  <_class
                    marginLeft="auto"
                  >
                    9
                  </_class>
                </_class>,
                <_class
                  alignItems="center"
                  display="flex"
                >
                  <_class
                    marginLeft="auto"
                  >
                    10
                  </_class>
                </_class>,
                <_class
                  alignItems="center"
                  display="flex"
                >
                  <_class
                    marginLeft="auto"
                  >
                    11
                  </_class>
                </_class>,
                <_class
                  alignItems="center"
                  display="flex"
                >
                  <_class
                    marginLeft="auto"
                  >
                    12
                  </_class>
                </_class>,
                <_class
                  alignItems="center"
                  display="flex"
                >
                  <_class
                    marginLeft="auto"
                  >
                    13
                  </_class>
                </_class>,
                <_class
                  alignItems="center"
                  display="flex"
                >
                  <_class
                    marginLeft="auto"
                  >
                    14
                  </_class>
                </_class>,
                <_class
                  alignItems="center"
                  display="flex"
                >
                  <_class
                    marginLeft="auto"
                  >
                    15
                  </_class>
                </_class>,
                <_class
                  alignItems="center"
                  display="flex"
                >
                  <_class
                    marginLeft="auto"
                  >
                    16
                  </_class>
                </_class>,
                <_class
                  alignItems="center"
                  display="flex"
                >
                  <_class
                    marginLeft="auto"
                  >
                    17
                  </_class>
                </_class>,
              ],
              false,
            ],
            "className": "lineNumbers",
          },
          "ref": null,
          "rendered": Array [
            Object {
              "instance": null,
              "key": "line-pane-0",
              "nodeType": "class",
              "props": Object {
                "alignItems": "center",
                "children": <_class
                  marginLeft="auto"
                >
                  1
                </_class>,
                "display": "flex",
              },
              "ref": null,
              "rendered": Object {
                "instance": null,
                "key": undefined,
                "nodeType": "class",
                "props": Object {
                  "children": 1,
                  "marginLeft": "auto",
                },
                "ref": null,
                "rendered": 1,
                "type": [Function],
              },
              "type": [Function],
            },
            Object {
              "instance": null,
              "key": "line-pane-1",
              "nodeType": "class",
              "props": Object {
                "alignItems": "center",
                "children": <_class
                  marginLeft="auto"
                >
                  2
                </_class>,
                "display": "flex",
              },
              "ref": null,
              "rendered": Object {
                "instance": null,
                "key": undefined,
                "nodeType": "class",
                "props": Object {
                  "children": 2,
                  "marginLeft": "auto",
                },
                "ref": null,
                "rendered": 2,
                "type": [Function],
              },
              "type": [Function],
            },
            Object {
              "instance": null,
              "key": "line-pane-2",
              "nodeType": "class",
              "props": Object {
                "alignItems": "center",
                "children": <_class
                  marginLeft="auto"
                >
                  3
                </_class>,
                "display": "flex",
              },
              "ref": null,
              "rendered": Object {
                "instance": null,
                "key": undefined,
                "nodeType": "class",
                "props": Object {
                  "children": 3,
                  "marginLeft": "auto",
                },
                "ref": null,
                "rendered": 3,
                "type": [Function],
              },
              "type": [Function],
            },
            Object {
              "instance": null,
              "key": "line-pane-3",
              "nodeType": "class",
              "props": Object {
                "alignItems": "center",
                "children": <_class
                  marginLeft="auto"
                >
                  4
                </_class>,
                "display": "flex",
              },
              "ref": null,
              "rendered": Object {
                "instance": null,
                "key": undefined,
                "nodeType": "class",
                "props": Object {
                  "children": 4,
                  "marginLeft": "auto",
                },
                "ref": null,
                "rendered": 4,
                "type": [Function],
              },
              "type": [Function],
            },
            Object {
              "instance": null,
              "key": "line-pane-4",
              "nodeType": "class",
              "props": Object {
                "alignItems": "center",
                "children": <_class
                  marginLeft="auto"
                >
                  5
                </_class>,
                "display": "flex",
              },
              "ref": null,
              "rendered": Object {
                "instance": null,
                "key": undefined,
                "nodeType": "class",
                "props": Object {
                  "children": 5,
                  "marginLeft": "auto",
                },
                "ref": null,
                "rendered": 5,
                "type": [Function],
              },
              "type": [Function],
            },
            Object {
              "instance": null,
              "key": "line-pane-5",
              "nodeType": "class",
              "props": Object {
                "alignItems": "center",
                "children": <_class
                  marginLeft="auto"
                >
                  6
                </_class>,
                "display": "flex",
              },
              "ref": null,
              "rendered": Object {
                "instance": null,
                "key": undefined,
                "nodeType": "class",
                "props": Object {
                  "children": 6,
                  "marginLeft": "auto",
                },
                "ref": null,
                "rendered": 6,
                "type": [Function],
              },
              "type": [Function],
            },
            Object {
              "instance": null,
              "key": "line-pane-6",
              "nodeType": "class",
              "props": Object {
                "alignItems": "center",
                "children": <_class
                  marginLeft="auto"
                >
                  7
                </_class>,
                "display": "flex",
              },
              "ref": null,
              "rendered": Object {
                "instance": null,
                "key": undefined,
                "nodeType": "class",
                "props": Object {
                  "children": 7,
                  "marginLeft": "auto",
                },
                "ref": null,
                "rendered": 7,
                "type": [Function],
              },
              "type": [Function],
            },
            Object {
              "instance": null,
              "key": "line-pane-7",
              "nodeType": "class",
              "props": Object {
                "alignItems": "center",
                "children": <_class
                  marginLeft="auto"
                >
                  8
                </_class>,
                "display": "flex",
              },
              "ref": null,
              "rendered": Object {
                "instance": null,
                "key": undefined,
                "nodeType": "class",
                "props": Object {
                  "children": 8,
                  "marginLeft": "auto",
                },
                "ref": null,
                "rendered": 8,
                "type": [Function],
              },
              "type": [Function],
            },
            Object {
              "instance": null,
              "key": "line-pane-8",
              "nodeType": "class",
              "props": Object {
                "alignItems": "center",
                "children": <_class
                  marginLeft="auto"
                >
                  9
                </_class>,
                "display": "flex",
              },
              "ref": null,
              "rendered": Object {
                "instance": null,
                "key": undefined,
                "nodeType": "class",
                "props": Object {
                  "children": 9,
                  "marginLeft": "auto",
                },
                "ref": null,
                "rendered": 9,
                "type": [Function],
              },
              "type": [Function],
            },
            Object {
              "instance": null,
              "key": "line-pane-9",
              "nodeType": "class",
              "props": Object {
                "alignItems": "center",
                "children": <_class
                  marginLeft="auto"
                >
                  10
                </_class>,
                "display": "flex",
              },
              "ref": null,
              "rendered": Object {
                "instance": null,
                "key": undefined,
                "nodeType": "class",
                "props": Object {
                  "children": 10,
                  "marginLeft": "auto",
                },
                "ref": null,
                "rendered": 10,
                "type": [Function],
              },
              "type": [Function],
            },
            Object {
              "instance": null,
              "key": "line-pane-10",
              "nodeType": "class",
              "props": Object {
                "alignItems": "center",
                "children": <_class
                  marginLeft="auto"
                >
                  11
                </_class>,
                "display": "flex",
              },
              "ref": null,
              "rendered": Object {
                "instance": null,
                "key": undefined,
                "nodeType": "class",
                "props": Object {
                  "children": 11,
                  "marginLeft": "auto",
                },
                "ref": null,
                "rendered": 11,
                "type": [Function],
              },
              "type": [Function],
            },
            Object {
              "instance": null,
              "key": "line-pane-11",
              "nodeType": "class",
              "props": Object {
                "alignItems": "center",
                "children": <_class
                  marginLeft="auto"
                >
                  12
                </_class>,
                "display": "flex",
              },
              "ref": null,
              "rendered": Object {
                "instance": null,
                "key": undefined,
                "nodeType": "class",
                "props": Object {
                  "children": 12,
                  "marginLeft": "auto",
                },
                "ref": null,
                "rendered": 12,
                "type": [Function],
              },
              "type": [Function],
            },
            Object {
              "instance": null,
              "key": "line-pane-12",
              "nodeType": "class",
              "props": Object {
                "alignItems": "center",
                "children": <_class
                  marginLeft="auto"
                >
                  13
                </_class>,
                "display": "flex",
              },
              "ref": null,
              "rendered": Object {
                "instance": null,
                "key": undefined,
                "nodeType": "class",
                "props": Object {
                  "children": 13,
                  "marginLeft": "auto",
                },
                "ref": null,
                "rendered": 13,
                "type": [Function],
              },
              "type": [Function],
            },
            Object {
              "instance": null,
              "key": "line-pane-13",
              "nodeType": "class",
              "props": Object {
                "alignItems": "center",
                "children": <_class
                  marginLeft="auto"
                >
                  14
                </_class>,
                "display": "flex",
              },
              "ref": null,
              "rendered": Object {
                "instance": null,
                "key": undefined,
                "nodeType": "class",
                "props": Object {
                  "children": 14,
                  "marginLeft": "auto",
                },
                "ref": null,
                "rendered": 14,
                "type": [Function],
              },
              "type": [Function],
            },
            Object {
              "instance": null,
              "key": "line-pane-14",
              "nodeType": "class",
              "props": Object {
                "alignItems": "center",
                "children": <_class
                  marginLeft="auto"
                >
                  15
                </_class>,
                "display": "flex",
              },
              "ref": null,
              "rendered": Object {
                "instance": null,
                "key": undefined,
                "nodeType": "class",
                "props": Object {
                  "children": 15,
                  "marginLeft": "auto",
                },
                "ref": null,
                "rendered": 15,
                "type": [Function],
              },
              "type": [Function],
            },
            Object {
              "instance": null,
              "key": "line-pane-15",
              "nodeType": "class",
              "props": Object {
                "alignItems": "center",
                "children": <_class
                  marginLeft="auto"
                >
                  16
                </_class>,
                "display": "flex",
              },
              "ref": null,
              "rendered": Object {
                "instance": null,
                "key": undefined,
                "nodeType": "class",
                "props": Object {
                  "children": 16,
                  "marginLeft": "auto",
                },
                "ref": null,
                "rendered": 16,
                "type": [Function],
              },
              "type": [Function],
            },
            Object {
              "instance": null,
              "key": "line-pane-16",
              "nodeType": "class",
              "props": Object {
                "alignItems": "center",
                "children": <_class
                  marginLeft="auto"
                >
                  17
                </_class>,
                "display": "flex",
              },
              "ref": null,
              "rendered": Object {
                "instance": null,
                "key": undefined,
                "nodeType": "class",
                "props": Object {
                  "children": 17,
                  "marginLeft": "auto",
                },
                "ref": null,
                "rendered": 17,
                "type": [Function],
              },
              "type": [Function],
            },
            false,
          ],
          "type": "div",
        },
        Object {
          "instance": null,
          "key": undefined,
          "nodeType": "host",
          "props": Object {
            "children": <code>
              {
  "type": "track",
  "messageId": "ajs-ac65f2dc-a7ba-496c-be3a-74a0de177c7f",
  "context": {
    "ip": "149.109.19.117",
    "library": {
      "name": "analytics.js",
      "version": "3.0.0"
    }
  },
  "integrations": {},
  "receivedAt": "2018-09-18T20:01:40.790Z",
  "sentAt": 1537300895790,
  "userId": "6a8e7fe9-09e8-480b-bf12-27c052035ebf",
  "anonymousId": "e1dbd770-1a96-48da-8bb9-2a294a11a571",
  "event": "Notification Shown"
}
            </code>,
            "className": "codeStyling",
          },
          "ref": null,
          "rendered": Object {
            "instance": null,
            "key": undefined,
            "nodeType": "host",
            "props": Object {
              "children": Array [
                "{
  \\"type\\": \\"track\\",
  \\"messageId\\": \\"ajs-ac65f2dc-a7ba-496c-be3a-74a0de177c7f\\",
  \\"context\\": {
    \\"ip\\": \\"149.109.19.117\\",
    \\"library\\": {
      \\"name\\": \\"analytics.js\\",
      \\"version\\": \\"3.0.0\\"
    }
  },
  \\"integrations\\": {},
  \\"receivedAt\\": \\"2018-09-18T20:01:40.790Z\\",
  \\"sentAt\\": 1537300895790,
  \\"userId\\": \\"6a8e7fe9-09e8-480b-bf12-27c052035ebf\\",
  \\"anonymousId\\": \\"e1dbd770-1a96-48da-8bb9-2a294a11a571\\",
  \\"event\\": \\"Notification Shown\\"
}",
                false,
              ],
            },
            "ref": null,
            "rendered": Array [
              "{
  \\"type\\": \\"track\\",
  \\"messageId\\": \\"ajs-ac65f2dc-a7ba-496c-be3a-74a0de177c7f\\",
  \\"context\\": {
    \\"ip\\": \\"149.109.19.117\\",
    \\"library\\": {
      \\"name\\": \\"analytics.js\\",
      \\"version\\": \\"3.0.0\\"
    }
  },
  \\"integrations\\": {},
  \\"receivedAt\\": \\"2018-09-18T20:01:40.790Z\\",
  \\"sentAt\\": 1537300895790,
  \\"userId\\": \\"6a8e7fe9-09e8-480b-bf12-27c052035ebf\\",
  \\"anonymousId\\": \\"e1dbd770-1a96-48da-8bb9-2a294a11a571\\",
  \\"event\\": \\"Notification Shown\\"
}",
              false,
            ],
            "type": "code",
          },
          "type": "pre",
        },
      ],
      "type": [Function],
    },
    "type": "div",
  },
  Symbol(enzyme.__nodes__): Array [
    Object {
      "instance": null,
      "key": undefined,
      "nodeType": "host",
      "props": Object {
        "children": <_class
          display="flex"
          flex="1"
          height="100%"
          minHeight="min-content"
        >
          <div
            className="lineNumbers"
          >
            <_class
              alignItems="center"
              display="flex"
            >
              <_class
                marginLeft="auto"
              >
                1
              </_class>
            </_class>
            <_class
              alignItems="center"
              display="flex"
            >
              <_class
                marginLeft="auto"
              >
                2
              </_class>
            </_class>
            <_class
              alignItems="center"
              display="flex"
            >
              <_class
                marginLeft="auto"
              >
                3
              </_class>
            </_class>
            <_class
              alignItems="center"
              display="flex"
            >
              <_class
                marginLeft="auto"
              >
                4
              </_class>
            </_class>
            <_class
              alignItems="center"
              display="flex"
            >
              <_class
                marginLeft="auto"
              >
                5
              </_class>
            </_class>
            <_class
              alignItems="center"
              display="flex"
            >
              <_class
                marginLeft="auto"
              >
                6
              </_class>
            </_class>
            <_class
              alignItems="center"
              display="flex"
            >
              <_class
                marginLeft="auto"
              >
                7
              </_class>
            </_class>
            <_class
              alignItems="center"
              display="flex"
            >
              <_class
                marginLeft="auto"
              >
                8
              </_class>
            </_class>
            <_class
              alignItems="center"
              display="flex"
            >
              <_class
                marginLeft="auto"
              >
                9
              </_class>
            </_class>
            <_class
              alignItems="center"
              display="flex"
            >
              <_class
                marginLeft="auto"
              >
                10
              </_class>
            </_class>
            <_class
              alignItems="center"
              display="flex"
            >
              <_class
                marginLeft="auto"
              >
                11
              </_class>
            </_class>
            <_class
              alignItems="center"
              display="flex"
            >
              <_class
                marginLeft="auto"
              >
                12
              </_class>
            </_class>
            <_class
              alignItems="center"
              display="flex"
            >
              <_class
                marginLeft="auto"
              >
                13
              </_class>
            </_class>
            <_class
              alignItems="center"
              display="flex"
            >
              <_class
                marginLeft="auto"
              >
                14
              </_class>
            </_class>
            <_class
              alignItems="center"
              display="flex"
            >
              <_class
                marginLeft="auto"
              >
                15
              </_class>
            </_class>
            <_class
              alignItems="center"
              display="flex"
            >
              <_class
                marginLeft="auto"
              >
                16
              </_class>
            </_class>
            <_class
              alignItems="center"
              display="flex"
            >
              <_class
                marginLeft="auto"
              >
                17
              </_class>
            </_class>
          </div>
          <pre
            className="codeStyling"
          >
            <code>
              {
  "type": "track",
  "messageId": "ajs-ac65f2dc-a7ba-496c-be3a-74a0de177c7f",
  "context": {
    "ip": "149.109.19.117",
    "library": {
      "name": "analytics.js",
      "version": "3.0.0"
    }
  },
  "integrations": {},
  "receivedAt": "2018-09-18T20:01:40.790Z",
  "sentAt": 1537300895790,
  "userId": "6a8e7fe9-09e8-480b-bf12-27c052035ebf",
  "anonymousId": "e1dbd770-1a96-48da-8bb9-2a294a11a571",
  "event": "Notification Shown"
}
            </code>
          </pre>
        </_class>,
        "className": "codeBox",
      },
      "ref": null,
      "rendered": Object {
        "instance": null,
        "key": undefined,
        "nodeType": "class",
        "props": Object {
          "children": Array [
            <div
              className="lineNumbers"
            >
              <_class
                alignItems="center"
                display="flex"
              >
                <_class
                  marginLeft="auto"
                >
                  1
                </_class>
              </_class>
              <_class
                alignItems="center"
                display="flex"
              >
                <_class
                  marginLeft="auto"
                >
                  2
                </_class>
              </_class>
              <_class
                alignItems="center"
                display="flex"
              >
                <_class
                  marginLeft="auto"
                >
                  3
                </_class>
              </_class>
              <_class
                alignItems="center"
                display="flex"
              >
                <_class
                  marginLeft="auto"
                >
                  4
                </_class>
              </_class>
              <_class
                alignItems="center"
                display="flex"
              >
                <_class
                  marginLeft="auto"
                >
                  5
                </_class>
              </_class>
              <_class
                alignItems="center"
                display="flex"
              >
                <_class
                  marginLeft="auto"
                >
                  6
                </_class>
              </_class>
              <_class
                alignItems="center"
                display="flex"
              >
                <_class
                  marginLeft="auto"
                >
                  7
                </_class>
              </_class>
              <_class
                alignItems="center"
                display="flex"
              >
                <_class
                  marginLeft="auto"
                >
                  8
                </_class>
              </_class>
              <_class
                alignItems="center"
                display="flex"
              >
                <_class
                  marginLeft="auto"
                >
                  9
                </_class>
              </_class>
              <_class
                alignItems="center"
                display="flex"
              >
                <_class
                  marginLeft="auto"
                >
                  10
                </_class>
              </_class>
              <_class
                alignItems="center"
                display="flex"
              >
                <_class
                  marginLeft="auto"
                >
                  11
                </_class>
              </_class>
              <_class
                alignItems="center"
                display="flex"
              >
                <_class
                  marginLeft="auto"
                >
                  12
                </_class>
              </_class>
              <_class
                alignItems="center"
                display="flex"
              >
                <_class
                  marginLeft="auto"
                >
                  13
                </_class>
              </_class>
              <_class
                alignItems="center"
                display="flex"
              >
                <_class
                  marginLeft="auto"
                >
                  14
                </_class>
              </_class>
              <_class
                alignItems="center"
                display="flex"
              >
                <_class
                  marginLeft="auto"
                >
                  15
                </_class>
              </_class>
              <_class
                alignItems="center"
                display="flex"
              >
                <_class
                  marginLeft="auto"
                >
                  16
                </_class>
              </_class>
              <_class
                alignItems="center"
                display="flex"
              >
                <_class
                  marginLeft="auto"
                >
                  17
                </_class>
              </_class>
            </div>,
            <pre
              className="codeStyling"
            >
              <code>
                {
  "type": "track",
  "messageId": "ajs-ac65f2dc-a7ba-496c-be3a-74a0de177c7f",
  "context": {
    "ip": "149.109.19.117",
    "library": {
      "name": "analytics.js",
      "version": "3.0.0"
    }
  },
  "integrations": {},
  "receivedAt": "2018-09-18T20:01:40.790Z",
  "sentAt": 1537300895790,
  "userId": "6a8e7fe9-09e8-480b-bf12-27c052035ebf",
  "anonymousId": "e1dbd770-1a96-48da-8bb9-2a294a11a571",
  "event": "Notification Shown"
}
              </code>
            </pre>,
          ],
          "display": "flex",
          "flex": "1",
          "height": "100%",
          "minHeight": "min-content",
        },
        "ref": null,
        "rendered": Array [
          Object {
            "instance": null,
            "key": undefined,
            "nodeType": "host",
            "props": Object {
              "children": Array [
                Array [
                  <_class
                    alignItems="center"
                    display="flex"
                  >
                    <_class
                      marginLeft="auto"
                    >
                      1
                    </_class>
                  </_class>,
                  <_class
                    alignItems="center"
                    display="flex"
                  >
                    <_class
                      marginLeft="auto"
                    >
                      2
                    </_class>
                  </_class>,
                  <_class
                    alignItems="center"
                    display="flex"
                  >
                    <_class
                      marginLeft="auto"
                    >
                      3
                    </_class>
                  </_class>,
                  <_class
                    alignItems="center"
                    display="flex"
                  >
                    <_class
                      marginLeft="auto"
                    >
                      4
                    </_class>
                  </_class>,
                  <_class
                    alignItems="center"
                    display="flex"
                  >
                    <_class
                      marginLeft="auto"
                    >
                      5
                    </_class>
                  </_class>,
                  <_class
                    alignItems="center"
                    display="flex"
                  >
                    <_class
                      marginLeft="auto"
                    >
                      6
                    </_class>
                  </_class>,
                  <_class
                    alignItems="center"
                    display="flex"
                  >
                    <_class
                      marginLeft="auto"
                    >
                      7
                    </_class>
                  </_class>,
                  <_class
                    alignItems="center"
                    display="flex"
                  >
                    <_class
                      marginLeft="auto"
                    >
                      8
                    </_class>
                  </_class>,
                  <_class
                    alignItems="center"
                    display="flex"
                  >
                    <_class
                      marginLeft="auto"
                    >
                      9
                    </_class>
                  </_class>,
                  <_class
                    alignItems="center"
                    display="flex"
                  >
                    <_class
                      marginLeft="auto"
                    >
                      10
                    </_class>
                  </_class>,
                  <_class
                    alignItems="center"
                    display="flex"
                  >
                    <_class
                      marginLeft="auto"
                    >
                      11
                    </_class>
                  </_class>,
                  <_class
                    alignItems="center"
                    display="flex"
                  >
                    <_class
                      marginLeft="auto"
                    >
                      12
                    </_class>
                  </_class>,
                  <_class
                    alignItems="center"
                    display="flex"
                  >
                    <_class
                      marginLeft="auto"
                    >
                      13
                    </_class>
                  </_class>,
                  <_class
                    alignItems="center"
                    display="flex"
                  >
                    <_class
                      marginLeft="auto"
                    >
                      14
                    </_class>
                  </_class>,
                  <_class
                    alignItems="center"
                    display="flex"
                  >
                    <_class
                      marginLeft="auto"
                    >
                      15
                    </_class>
                  </_class>,
                  <_class
                    alignItems="center"
                    display="flex"
                  >
                    <_class
                      marginLeft="auto"
                    >
                      16
                    </_class>
                  </_class>,
                  <_class
                    alignItems="center"
                    display="flex"
                  >
                    <_class
                      marginLeft="auto"
                    >
                      17
                    </_class>
                  </_class>,
                ],
                false,
              ],
              "className": "lineNumbers",
            },
            "ref": null,
            "rendered": Array [
              Object {
                "instance": null,
                "key": "line-pane-0",
                "nodeType": "class",
                "props": Object {
                  "alignItems": "center",
                  "children": <_class
                    marginLeft="auto"
                  >
                    1
                  </_class>,
                  "display": "flex",
                },
                "ref": null,
                "rendered": Object {
                  "instance": null,
                  "key": undefined,
                  "nodeType": "class",
                  "props": Object {
                    "children": 1,
                    "marginLeft": "auto",
                  },
                  "ref": null,
                  "rendered": 1,
                  "type": [Function],
                },
                "type": [Function],
              },
              Object {
                "instance": null,
                "key": "line-pane-1",
                "nodeType": "class",
                "props": Object {
                  "alignItems": "center",
                  "children": <_class
                    marginLeft="auto"
                  >
                    2
                  </_class>,
                  "display": "flex",
                },
                "ref": null,
                "rendered": Object {
                  "instance": null,
                  "key": undefined,
                  "nodeType": "class",
                  "props": Object {
                    "children": 2,
                    "marginLeft": "auto",
                  },
                  "ref": null,
                  "rendered": 2,
                  "type": [Function],
                },
                "type": [Function],
              },
              Object {
                "instance": null,
                "key": "line-pane-2",
                "nodeType": "class",
                "props": Object {
                  "alignItems": "center",
                  "children": <_class
                    marginLeft="auto"
                  >
                    3
                  </_class>,
                  "display": "flex",
                },
                "ref": null,
                "rendered": Object {
                  "instance": null,
                  "key": undefined,
                  "nodeType": "class",
                  "props": Object {
                    "children": 3,
                    "marginLeft": "auto",
                  },
                  "ref": null,
                  "rendered": 3,
                  "type": [Function],
                },
                "type": [Function],
              },
              Object {
                "instance": null,
                "key": "line-pane-3",
                "nodeType": "class",
                "props": Object {
                  "alignItems": "center",
                  "children": <_class
                    marginLeft="auto"
                  >
                    4
                  </_class>,
                  "display": "flex",
                },
                "ref": null,
                "rendered": Object {
                  "instance": null,
                  "key": undefined,
                  "nodeType": "class",
                  "props": Object {
                    "children": 4,
                    "marginLeft": "auto",
                  },
                  "ref": null,
                  "rendered": 4,
                  "type": [Function],
                },
                "type": [Function],
              },
              Object {
                "instance": null,
                "key": "line-pane-4",
                "nodeType": "class",
                "props": Object {
                  "alignItems": "center",
                  "children": <_class
                    marginLeft="auto"
                  >
                    5
                  </_class>,
                  "display": "flex",
                },
                "ref": null,
                "rendered": Object {
                  "instance": null,
                  "key": undefined,
                  "nodeType": "class",
                  "props": Object {
                    "children": 5,
                    "marginLeft": "auto",
                  },
                  "ref": null,
                  "rendered": 5,
                  "type": [Function],
                },
                "type": [Function],
              },
              Object {
                "instance": null,
                "key": "line-pane-5",
                "nodeType": "class",
                "props": Object {
                  "alignItems": "center",
                  "children": <_class
                    marginLeft="auto"
                  >
                    6
                  </_class>,
                  "display": "flex",
                },
                "ref": null,
                "rendered": Object {
                  "instance": null,
                  "key": undefined,
                  "nodeType": "class",
                  "props": Object {
                    "children": 6,
                    "marginLeft": "auto",
                  },
                  "ref": null,
                  "rendered": 6,
                  "type": [Function],
                },
                "type": [Function],
              },
              Object {
                "instance": null,
                "key": "line-pane-6",
                "nodeType": "class",
                "props": Object {
                  "alignItems": "center",
                  "children": <_class
                    marginLeft="auto"
                  >
                    7
                  </_class>,
                  "display": "flex",
                },
                "ref": null,
                "rendered": Object {
                  "instance": null,
                  "key": undefined,
                  "nodeType": "class",
                  "props": Object {
                    "children": 7,
                    "marginLeft": "auto",
                  },
                  "ref": null,
                  "rendered": 7,
                  "type": [Function],
                },
                "type": [Function],
              },
              Object {
                "instance": null,
                "key": "line-pane-7",
                "nodeType": "class",
                "props": Object {
                  "alignItems": "center",
                  "children": <_class
                    marginLeft="auto"
                  >
                    8
                  </_class>,
                  "display": "flex",
                },
                "ref": null,
                "rendered": Object {
                  "instance": null,
                  "key": undefined,
                  "nodeType": "class",
                  "props": Object {
                    "children": 8,
                    "marginLeft": "auto",
                  },
                  "ref": null,
                  "rendered": 8,
                  "type": [Function],
                },
                "type": [Function],
              },
              Object {
                "instance": null,
                "key": "line-pane-8",
                "nodeType": "class",
                "props": Object {
                  "alignItems": "center",
                  "children": <_class
                    marginLeft="auto"
                  >
                    9
                  </_class>,
                  "display": "flex",
                },
                "ref": null,
                "rendered": Object {
                  "instance": null,
                  "key": undefined,
                  "nodeType": "class",
                  "props": Object {
                    "children": 9,
                    "marginLeft": "auto",
                  },
                  "ref": null,
                  "rendered": 9,
                  "type": [Function],
                },
                "type": [Function],
              },
              Object {
                "instance": null,
                "key": "line-pane-9",
                "nodeType": "class",
                "props": Object {
                  "alignItems": "center",
                  "children": <_class
                    marginLeft="auto"
                  >
                    10
                  </_class>,
                  "display": "flex",
                },
                "ref": null,
                "rendered": Object {
                  "instance": null,
                  "key": undefined,
                  "nodeType": "class",
                  "props": Object {
                    "children": 10,
                    "marginLeft": "auto",
                  },
                  "ref": null,
                  "rendered": 10,
                  "type": [Function],
                },
                "type": [Function],
              },
              Object {
                "instance": null,
                "key": "line-pane-10",
                "nodeType": "class",
                "props": Object {
                  "alignItems": "center",
                  "children": <_class
                    marginLeft="auto"
                  >
                    11
                  </_class>,
                  "display": "flex",
                },
                "ref": null,
                "rendered": Object {
                  "instance": null,
                  "key": undefined,
                  "nodeType": "class",
                  "props": Object {
                    "children": 11,
                    "marginLeft": "auto",
                  },
                  "ref": null,
                  "rendered": 11,
                  "type": [Function],
                },
                "type": [Function],
              },
              Object {
                "instance": null,
                "key": "line-pane-11",
                "nodeType": "class",
                "props": Object {
                  "alignItems": "center",
                  "children": <_class
                    marginLeft="auto"
                  >
                    12
                  </_class>,
                  "display": "flex",
                },
                "ref": null,
                "rendered": Object {
                  "instance": null,
                  "key": undefined,
                  "nodeType": "class",
                  "props": Object {
                    "children": 12,
                    "marginLeft": "auto",
                  },
                  "ref": null,
                  "rendered": 12,
                  "type": [Function],
                },
                "type": [Function],
              },
              Object {
                "instance": null,
                "key": "line-pane-12",
                "nodeType": "class",
                "props": Object {
                  "alignItems": "center",
                  "children": <_class
                    marginLeft="auto"
                  >
                    13
                  </_class>,
                  "display": "flex",
                },
                "ref": null,
                "rendered": Object {
                  "instance": null,
                  "key": undefined,
                  "nodeType": "class",
                  "props": Object {
                    "children": 13,
                    "marginLeft": "auto",
                  },
                  "ref": null,
                  "rendered": 13,
                  "type": [Function],
                },
                "type": [Function],
              },
              Object {
                "instance": null,
                "key": "line-pane-13",
                "nodeType": "class",
                "props": Object {
                  "alignItems": "center",
                  "children": <_class
                    marginLeft="auto"
                  >
                    14
                  </_class>,
                  "display": "flex",
                },
                "ref": null,
                "rendered": Object {
                  "instance": null,
                  "key": undefined,
                  "nodeType": "class",
                  "props": Object {
                    "children": 14,
                    "marginLeft": "auto",
                  },
                  "ref": null,
                  "rendered": 14,
                  "type": [Function],
                },
                "type": [Function],
              },
              Object {
                "instance": null,
                "key": "line-pane-14",
                "nodeType": "class",
                "props": Object {
                  "alignItems": "center",
                  "children": <_class
                    marginLeft="auto"
                  >
                    15
                  </_class>,
                  "display": "flex",
                },
                "ref": null,
                "rendered": Object {
                  "instance": null,
                  "key": undefined,
                  "nodeType": "class",
                  "props": Object {
                    "children": 15,
                    "marginLeft": "auto",
                  },
                  "ref": null,
                  "rendered": 15,
                  "type": [Function],
                },
                "type": [Function],
              },
              Object {
                "instance": null,
                "key": "line-pane-15",
                "nodeType": "class",
                "props": Object {
                  "alignItems": "center",
                  "children": <_class
                    marginLeft="auto"
                  >
                    16
                  </_class>,
                  "display": "flex",
                },
                "ref": null,
                "rendered": Object {
                  "instance": null,
                  "key": undefined,
                  "nodeType": "class",
                  "props": Object {
                    "children": 16,
                    "marginLeft": "auto",
                  },
                  "ref": null,
                  "rendered": 16,
                  "type": [Function],
                },
                "type": [Function],
              },
              Object {
                "instance": null,
                "key": "line-pane-16",
                "nodeType": "class",
                "props": Object {
                  "alignItems": "center",
                  "children": <_class
                    marginLeft="auto"
                  >
                    17
                  </_class>,
                  "display": "flex",
                },
                "ref": null,
                "rendered": Object {
                  "instance": null,
                  "key": undefined,
                  "nodeType": "class",
                  "props": Object {
                    "children": 17,
                    "marginLeft": "auto",
                  },
                  "ref": null,
                  "rendered": 17,
                  "type": [Function],
                },
                "type": [Function],
              },
              false,
            ],
            "type": "div",
          },
          Object {
            "instance": null,
            "key": undefined,
            "nodeType": "host",
            "props": Object {
              "children": <code>
                {
  "type": "track",
  "messageId": "ajs-ac65f2dc-a7ba-496c-be3a-74a0de177c7f",
  "context": {
    "ip": "149.109.19.117",
    "library": {
      "name": "analytics.js",
      "version": "3.0.0"
    }
  },
  "integrations": {},
  "receivedAt": "2018-09-18T20:01:40.790Z",
  "sentAt": 1537300895790,
  "userId": "6a8e7fe9-09e8-480b-bf12-27c052035ebf",
  "anonymousId": "e1dbd770-1a96-48da-8bb9-2a294a11a571",
  "event": "Notification Shown"
}
              </code>,
              "className": "codeStyling",
            },
            "ref": null,
            "rendered": Object {
              "instance": null,
              "key": undefined,
              "nodeType": "host",
              "props": Object {
                "children": Array [
                  "{
  \\"type\\": \\"track\\",
  \\"messageId\\": \\"ajs-ac65f2dc-a7ba-496c-be3a-74a0de177c7f\\",
  \\"context\\": {
    \\"ip\\": \\"149.109.19.117\\",
    \\"library\\": {
      \\"name\\": \\"analytics.js\\",
      \\"version\\": \\"3.0.0\\"
    }
  },
  \\"integrations\\": {},
  \\"receivedAt\\": \\"2018-09-18T20:01:40.790Z\\",
  \\"sentAt\\": 1537300895790,
  \\"userId\\": \\"6a8e7fe9-09e8-480b-bf12-27c052035ebf\\",
  \\"anonymousId\\": \\"e1dbd770-1a96-48da-8bb9-2a294a11a571\\",
  \\"event\\": \\"Notification Shown\\"
}",
                  false,
                ],
              },
              "ref": null,
              "rendered": Array [
                "{
  \\"type\\": \\"track\\",
  \\"messageId\\": \\"ajs-ac65f2dc-a7ba-496c-be3a-74a0de177c7f\\",
  \\"context\\": {
    \\"ip\\": \\"149.109.19.117\\",
    \\"library\\": {
      \\"name\\": \\"analytics.js\\",
      \\"version\\": \\"3.0.0\\"
    }
  },
  \\"integrations\\": {},
  \\"receivedAt\\": \\"2018-09-18T20:01:40.790Z\\",
  \\"sentAt\\": 1537300895790,
  \\"userId\\": \\"6a8e7fe9-09e8-480b-bf12-27c052035ebf\\",
  \\"anonymousId\\": \\"e1dbd770-1a96-48da-8bb9-2a294a11a571\\",
  \\"event\\": \\"Notification Shown\\"
}",
                false,
              ],
              "type": "code",
            },
            "type": "pre",
          },
        ],
        "type": [Function],
      },
      "type": "div",
    },
  ],
  Symbol(enzyme.__options__): Object {
    "adapter": ReactSixteenAdapter {
      "options": Object {
        "enableComponentDidUpdateOnSetState": true,
        "lifecycles": Object {
          "componentDidUpdate": Object {
            "onSetState": true,
          },
          "getDerivedStateFromProps": true,
          "getSnapshotBeforeUpdate": true,
          "setState": Object {
            "skipsComponentDidUpdateOnNullish": true,
          },
        },
      },
    },
    "attachTo": undefined,
    "hydrateIn": undefined,
  },
}
`;
